> Task :compileJava UP-TO-DATE
> Task :processResources UP-TO-DATE
> Task :classes UP-TO-DATE
> Task :resolveMainClassName

> Task :bootRun

  .   ____          _            __ _ _
 /\\ / ___'_ __ _ _(_)_ __  __ _ \ \ \ \
( ( )\___ | '_ | '_| | '_ \/ _` | \ \ \ \
 \\/  ___)| |_)| | | | | || (_| |  ) ) ) )
  '  |____| .__|_| |_|_| |_\__, | / / / /
 =========|_|==============|___/=/_/_/_/

 :: Spring Boot ::                (v4.1.0)

2026-07-27T15:45:37.876+09:00  INFO 18252 --- [backend] [           main] com.mes.backend.BackendApplication       : Starting BackendApplication using Java 17.0.18 with PID 18252 (D:\dev\final-mes\backend\build\classes\java\main started by admin in D:\dev\final-mes\backend)
2026-07-27T15:45:37.879+09:00  INFO 18252 --- [backend] [           main] com.mes.backend.BackendApplication       : No active profile set, falling back to 1 default profile: "default"
2026-07-27T15:45:38.728+09:00  INFO 18252 --- [backend] [           main] .s.d.r.c.RepositoryConfigurationDelegate : Bootstrapping Spring Data JPA repositories in DEFAULT mode.
2026-07-27T15:45:38.824+09:00  INFO 18252 --- [backend] [           main] .s.d.r.c.RepositoryConfigurationDelegate : Finished Spring Data repository scanning in 86 ms. Found 15 JPA repository interfaces.
2026-07-27T15:45:39.556+09:00  INFO 18252 --- [backend] [           main] o.s.boot.tomcat.TomcatWebServer          : Tomcat initialized with port 8111 (http)
2026-07-27T15:45:39.571+09:00  INFO 18252 --- [backend] [           main] o.apache.catalina.core.StandardService   : Starting service [Tomcat]
2026-07-27T15:45:39.571+09:00  INFO 18252 --- [backend] [           main] o.apache.catalina.core.StandardEngine    : Starting Servlet engine: [Apache Tomcat/11.0.22]
2026-07-27T15:45:39.638+09:00  INFO 18252 --- [backend] [           main] b.w.c.s.WebApplicationContextInitializer : Root WebApplicationContext: initialization completed in 1712 ms
2026-07-27T15:45:39.891+09:00  INFO 18252 --- [backend] [           main] org.hibernate.orm.jpa                    : HHH008540: Processing PersistenceUnitInfo [name: default]
2026-07-27T15:45:39.949+09:00  INFO 18252 --- [backend] [           main] org.hibernate.orm.core                   : HHH000001: Hibernate ORM core version 7.4.1.Final
2026-07-27T15:45:40.438+09:00  INFO 18252 --- [backend] [           main] o.s.o.j.p.SpringPersistenceUnitInfo      : No LoadTimeWeaver setup: ignoring JPA class transformer
2026-07-27T15:45:40.475+09:00  INFO 18252 --- [backend] [           main] com.zaxxer.hikari.HikariDataSource       : HikariPool-1 - Starting...
2026-07-27T15:45:40.632+09:00  INFO 18252 --- [backend] [           main] com.zaxxer.hikari.pool.HikariPool        : HikariPool-1 - Added connection com.mysql.cj.jdbc.ConnectionImpl@4627dfda
2026-07-27T15:45:40.634+09:00  INFO 18252 --- [backend] [           main] com.zaxxer.hikari.HikariDataSource       : HikariPool-1 - Start completed.
2026-07-27T15:45:40.715+09:00  INFO 18252 --- [backend] [           main] org.hibernate.orm.connections.pooling    : HHH10001005: Database info:
	Database JDBC URL [jdbc:mysql://localhost:3306/eum_db?useSSL=false&serverTimezone=Asia/Seoul&allowPublicKeyRetrieval=true]
	Database driver: MySQL Connector/J
	Database dialect: MySQLDialect
	Database version: 8.0.45
	Default catalog/schema: eum_db/undefined
	Autocommit mode: undefined/unknown
	Isolation level: REPEATABLE_READ [default REPEATABLE_READ]
	JDBC fetch size: none
	Pool: DataSourceConnectionProvider
	Minimum pool size: undefined/unknown
	Maximum pool size: undefined/unknown
2026-07-27T15:45:42.014+09:00  INFO 18252 --- [backend] [           main] org.hibernate.orm.core                   : HHH000489: No JTA platform available (set 'hibernate.transaction.jta.platform' to enable JTA platform integration)
2026-07-27T15:45:42.125+09:00  INFO 18252 --- [backend] [           main] j.LocalContainerEntityManagerFactoryBean : Initialized JPA EntityManagerFactory for persistence unit 'default'
2026-07-27T15:45:42.234+09:00  INFO 18252 --- [backend] [           main] o.s.d.j.r.query.QueryEnhancerFactories   : Hibernate is in classpath; If applicable, HQL parser will be used.
2026-07-27T15:45:43.801+09:00  WARN 18252 --- [backend] [           main] JpaBaseConfiguration$JpaWebConfiguration : spring.jpa.open-in-view is enabled by default. Therefore, database queries may be performed during view rendering. Explicitly configure spring.jpa.open-in-view to disable this warning
2026-07-27T15:45:43.898+09:00  INFO 18252 --- [backend] [           main] r$InitializeUserDetailsManagerConfigurer : Global AuthenticationManager configured with UserDetailsService bean with name customUserDetailsService
2026-07-27T15:45:44.381+09:00  INFO 18252 --- [backend] [           main] o.s.boot.tomcat.TomcatWebServer          : Tomcat started on port 8111 (http) with context path '/'
2026-07-27T15:45:44.387+09:00  INFO 18252 --- [backend] [           main] com.mes.backend.BackendApplication       : Started BackendApplication in 7.071 seconds (process running for 7.547)
Hibernate: select e1_0.employee_id,e1_0.is_active,e1_0.employee_name,e1_0.employee_no,e1_0.hire_date,e1_0.password,e1_0.role,e1_0.username from employee e1_0 where e1_0.username=?
Hibernate: select e1_0.employee_id,e1_0.is_active,e1_0.employee_name,e1_0.employee_no,e1_0.hire_date,e1_0.password,e1_0.role,e1_0.username from employee e1_0 where e1_0.employee_id=?
Hibernate: select p1_0.process_id,p1_0.description,p1_0.manager_employee_id,p1_0.process_code,p1_0.process_name,p1_0.process_status,p1_0.process_type,p1_0.sequence_no from process p1_0 where p1_0.process_type=?
Hibernate: select e1_0.equipment_id,e1_0.is_active,e1_0.current_humidity,e1_0.current_supply_voltage,e1_0.current_temp,e1_0.equipment_code,e1_0.equipment_name,e1_0.equipment_port,e1_0.equipment_status,e1_0.last_battery_voltage,e1_0.last_reported_at,e1_0.process_id,e1_0.status_message from equipment e1_0 where e1_0.process_id=?
Hibernate: select p1_0.process_id,p1_0.description,p1_0.manager_employee_id,p1_0.process_code,p1_0.process_name,p1_0.process_status,p1_0.process_type,p1_0.sequence_no from process p1_0 where p1_0.process_type=?
Hibernate: select e1_0.equipment_id,e1_0.is_active,e1_0.current_humidity,e1_0.current_supply_voltage,e1_0.current_temp,e1_0.equipment_code,e1_0.equipment_name,e1_0.equipment_port,e1_0.equipment_status,e1_0.last_battery_voltage,e1_0.last_reported_at,e1_0.process_id,e1_0.status_message from equipment e1_0 where e1_0.process_id=?
Hibernate: select p1_0.process_id,p1_0.description,p1_0.manager_employee_id,p1_0.process_code,p1_0.process_name,p1_0.process_status,p1_0.process_type,p1_0.sequence_no from process p1_0 where p1_0.process_type=?
Hibernate: select e1_0.equipment_id,e1_0.is_active,e1_0.current_humidity,e1_0.current_supply_voltage,e1_0.current_temp,e1_0.equipment_code,e1_0.equipment_name,e1_0.equipment_port,e1_0.equipment_status,e1_0.last_battery_voltage,e1_0.last_reported_at,e1_0.process_id,e1_0.status_message from equipment e1_0 where e1_0.process_id=?
Hibernate: select p1_0.process_id,p1_0.description,p1_0.manager_employee_id,p1_0.process_code,p1_0.process_name,p1_0.process_status,p1_0.process_type,p1_0.sequence_no from process p1_0 where p1_0.process_type=?
Hibernate: select e1_0.equipment_id,e1_0.is_active,e1_0.current_humidity,e1_0.current_supply_voltage,e1_0.current_temp,e1_0.equipment_code,e1_0.equipment_name,e1_0.equipment_port,e1_0.equipment_status,e1_0.last_battery_voltage,e1_0.last_reported_at,e1_0.process_id,e1_0.status_message from equipment e1_0 where e1_0.process_id=?
Hibernate: select p1_0.process_id,p1_0.description,p1_0.manager_employee_id,p1_0.process_code,p1_0.process_name,p1_0.process_status,p1_0.process_type,p1_0.sequence_no from process p1_0 where p1_0.process_type=?
Hibernate: select e1_0.equipment_id,e1_0.is_active,e1_0.current_humidity,e1_0.current_supply_voltage,e1_0.current_temp,e1_0.equipment_code,e1_0.equipment_name,e1_0.equipment_port,e1_0.equipment_status,e1_0.last_battery_voltage,e1_0.last_reported_at,e1_0.process_id,e1_0.status_message from equipment e1_0 where e1_0.process_id=?
Hibernate: select p1_0.process_id,p1_0.description,p1_0.manager_employee_id,p1_0.process_code,p1_0.process_name,p1_0.process_status,p1_0.process_type,p1_0.sequence_no from process p1_0 where p1_0.process_type=?
Hibernate: select e1_0.equipment_id,e1_0.is_active,e1_0.current_humidity,e1_0.current_supply_voltage,e1_0.current_temp,e1_0.equipment_code,e1_0.equipment_name,e1_0.equipment_port,e1_0.equipment_status,e1_0.last_battery_voltage,e1_0.last_reported_at,e1_0.process_id,e1_0.status_message from equipment e1_0 where e1_0.process_id=?
Hibernate: select e1_0.equipment_id,e1_0.is_active,e1_0.current_humidity,e1_0.current_supply_voltage,e1_0.current_temp,e1_0.equipment_code,e1_0.equipment_name,e1_0.equipment_port,e1_0.equipment_status,e1_0.last_battery_voltage,e1_0.last_reported_at,e1_0.process_id,e1_0.status_message from equipment e1_0 where e1_0.equipment_code=?
Hibernate: select e1_0.equipment_id,e1_0.is_active,e1_0.current_humidity,e1_0.current_supply_voltage,e1_0.current_temp,e1_0.equipment_code,e1_0.equipment_name,e1_0.equipment_port,e1_0.equipment_status,e1_0.last_battery_voltage,e1_0.last_reported_at,e1_0.process_id,e1_0.status_message from equipment e1_0 where e1_0.equipment_code=?
Hibernate: select e1_0.equipment_id,e1_0.is_active,e1_0.current_humidity,e1_0.current_supply_voltage,e1_0.current_temp,e1_0.equipment_code,e1_0.equipment_name,e1_0.equipment_port,e1_0.equipment_status,e1_0.last_battery_voltage,e1_0.last_reported_at,e1_0.process_id,e1_0.status_message from equipment e1_0 where e1_0.equipment_code=?
Hibernate: select e1_0.equipment_id,e1_0.is_active,e1_0.current_humidity,e1_0.current_supply_voltage,e1_0.current_temp,e1_0.equipment_code,e1_0.equipment_name,e1_0.equipment_port,e1_0.equipment_status,e1_0.last_battery_voltage,e1_0.last_reported_at,e1_0.process_id,e1_0.status_message from equipment e1_0 where e1_0.equipment_code=?
Hibernate: select e1_0.equipment_id,e1_0.is_active,e1_0.current_humidity,e1_0.current_supply_voltage,e1_0.current_temp,e1_0.equipment_code,e1_0.equipment_name,e1_0.equipment_port,e1_0.equipment_status,e1_0.last_battery_voltage,e1_0.last_reported_at,e1_0.process_id,e1_0.status_message from equipment e1_0 where e1_0.equipment_code=?
Hibernate: select e1_0.equipment_id,e1_0.is_active,e1_0.current_humidity,e1_0.current_supply_voltage,e1_0.current_temp,e1_0.equipment_code,e1_0.equipment_name,e1_0.equipment_port,e1_0.equipment_status,e1_0.last_battery_voltage,e1_0.last_reported_at,e1_0.process_id,e1_0.status_message from equipment e1_0 where e1_0.equipment_code=?
Hibernate: select dt1_0.defect_type_id,dt1_0.is_active,dt1_0.defect_code,dt1_0.defect_name from defect_type dt1_0 where dt1_0.defect_code=?
Hibernate: select dt1_0.defect_type_id,dt1_0.is_active,dt1_0.defect_code,dt1_0.defect_name from defect_type dt1_0 where dt1_0.defect_code=?
Hibernate: select dt1_0.defect_type_id,dt1_0.is_active,dt1_0.defect_code,dt1_0.defect_name from defect_type dt1_0 where dt1_0.defect_code=?
Hibernate: select dt1_0.defect_type_id,dt1_0.is_active,dt1_0.defect_code,dt1_0.defect_name from defect_type dt1_0 where dt1_0.defect_code=?
Hibernate: select dt1_0.defect_type_id,dt1_0.is_active,dt1_0.defect_code,dt1_0.defect_name from defect_type dt1_0 where dt1_0.defect_code=?
Hibernate: select dt1_0.defect_type_id,dt1_0.is_active,dt1_0.defect_code,dt1_0.defect_name from defect_type dt1_0 where dt1_0.defect_code=?
Hibernate: select dt1_0.defect_type_id,dt1_0.is_active,dt1_0.defect_code,dt1_0.defect_name from defect_type dt1_0 where dt1_0.defect_code=?
Hibernate: select dt1_0.defect_type_id,dt1_0.is_active,dt1_0.defect_code,dt1_0.defect_name from defect_type dt1_0 where dt1_0.defect_code=?
Hibernate: select ms1_0.spec_id,ms1_0.defect_type_id,ms1_0.max_value,ms1_0.measurement_code,ms1_0.min_value,ms1_0.unit from measurement_spec ms1_0 where ms1_0.measurement_code=?
Hibernate: select ms1_0.spec_id,ms1_0.defect_type_id,ms1_0.max_value,ms1_0.measurement_code,ms1_0.min_value,ms1_0.unit from measurement_spec ms1_0 where ms1_0.measurement_code=?
Hibernate: select ms1_0.spec_id,ms1_0.defect_type_id,ms1_0.max_value,ms1_0.measurement_code,ms1_0.min_value,ms1_0.unit from measurement_spec ms1_0 where ms1_0.measurement_code=?
Hibernate: select ms1_0.spec_id,ms1_0.defect_type_id,ms1_0.max_value,ms1_0.measurement_code,ms1_0.min_value,ms1_0.unit from measurement_spec ms1_0 where ms1_0.measurement_code=?
Hibernate: select ms1_0.spec_id,ms1_0.defect_type_id,ms1_0.max_value,ms1_0.measurement_code,ms1_0.min_value,ms1_0.unit from measurement_spec ms1_0 where ms1_0.measurement_code=?
Hibernate: select ms1_0.spec_id,ms1_0.defect_type_id,ms1_0.max_value,ms1_0.measurement_code,ms1_0.min_value,ms1_0.unit from measurement_spec ms1_0 where ms1_0.measurement_code=?
Hibernate: select ms1_0.spec_id,ms1_0.defect_type_id,ms1_0.max_value,ms1_0.measurement_code,ms1_0.min_value,ms1_0.unit from measurement_spec ms1_0 where ms1_0.measurement_code=?
Hibernate: select ms1_0.spec_id,ms1_0.defect_type_id,ms1_0.max_value,ms1_0.measurement_code,ms1_0.min_value,ms1_0.unit from measurement_spec ms1_0 where ms1_0.measurement_code=?
2026-07-27T15:46:03.710+09:00  INFO 18252 --- [backend] [nio-8111-exec-1] o.a.c.c.C.[Tomcat].[localhost].[/]       : Initializing Spring DispatcherServlet 'dispatcherServlet'
2026-07-27T15:46:03.710+09:00  INFO 18252 --- [backend] [nio-8111-exec-1] o.s.web.servlet.DispatcherServlet        : Initializing Servlet 'dispatcherServlet'
2026-07-27T15:46:03.712+09:00  INFO 18252 --- [backend] [nio-8111-exec-1] o.s.web.servlet.DispatcherServlet        : Completed initialization in 2 ms
Hibernate: select e1_0.employee_id,e1_0.is_active,e1_0.employee_name,e1_0.employee_no,e1_0.hire_date,e1_0.password,e1_0.role,e1_0.username from employee e1_0 where e1_0.username=?
Hibernate: select p1_0.product_id,p1_0.is_active,p1_0.capacity,p1_0.created_at,p1_0.product_code,p1_0.product_name,p1_0.unit,p1_0.updated_at,p1_0.voltage from product p1_0 where (? is null or p1_0.product_name like ? escape '') and (? is null or p1_0.created_at>=?) and (? is null or p1_0.created_at<?) order by p1_0.product_id desc
Hibernate: select e1_0.employee_id,e1_0.is_active,e1_0.employee_name,e1_0.employee_no,e1_0.hire_date,e1_0.password,e1_0.role,e1_0.username from employee e1_0 where e1_0.username=?
Hibernate: select p1_0.product_id,p1_0.is_active,p1_0.capacity,p1_0.created_at,p1_0.product_code,p1_0.product_name,p1_0.unit,p1_0.updated_at,p1_0.voltage from product p1_0 where (? is null or p1_0.product_name like ? escape '') and (? is null or p1_0.created_at>=?) and (? is null or p1_0.created_at<?) order by p1_0.product_id desc
Hibernate: select wo1_0.work_order_id,wo1_0.actual_start_at,wo1_0.bom_id,wo1_0.completed_at,wo1_0.due_date,wo1_0.manager_employee_id,wo1_0.order_quantity,wo1_0.work_order_no,wo1_0.work_order_status from work_order wo1_0 where (? is null or wo1_0.work_order_no like ? escape '') and (? is null or wo1_0.work_order_status=?) and (? is null or wo1_0.due_date=?) order by wo1_0.work_order_id desc
Hibernate: select e1_0.employee_id,e1_0.is_active,e1_0.employee_name,e1_0.employee_no,e1_0.hire_date,e1_0.password,e1_0.role,e1_0.username from employee e1_0 where e1_0.username=?
Hibernate: select e1_0.employee_id,e1_0.is_active,e1_0.employee_name,e1_0.employee_no,e1_0.hire_date,e1_0.password,e1_0.role,e1_0.username from employee e1_0 where e1_0.username=?
Hibernate: select wo1_0.work_order_id,wo1_0.actual_start_at,wo1_0.bom_id,wo1_0.completed_at,wo1_0.due_date,wo1_0.manager_employee_id,wo1_0.order_quantity,wo1_0.work_order_no,wo1_0.work_order_status from work_order wo1_0 where (? is null or wo1_0.work_order_no like ? escape '') and (? is null or wo1_0.work_order_status=?) and (? is null or wo1_0.due_date=?) order by wo1_0.work_order_id desc
Hibernate: select p1_0.product_id,p1_0.is_active,p1_0.capacity,p1_0.created_at,p1_0.product_code,p1_0.product_name,p1_0.unit,p1_0.updated_at,p1_0.voltage from product p1_0 where (? is null or p1_0.product_name like ? escape '') and (? is null or p1_0.created_at>=?) and (? is null or p1_0.created_at<?) order by p1_0.product_id desc
Hibernate: select p1_0.product_id,p1_0.is_active,p1_0.capacity,p1_0.created_at,p1_0.product_code,p1_0.product_name,p1_0.unit,p1_0.updated_at,p1_0.voltage from product p1_0 where (? is null or p1_0.product_name like ? escape '') and (? is null or p1_0.created_at>=?) and (? is null or p1_0.created_at<?) order by p1_0.product_id desc
Hibernate: insert into product (is_active,capacity,created_at,product_code,product_name,unit,updated_at,voltage) values (?,?,?,?,?,?,?,?)
Hibernate: insert into bom (product_id) values (?)
Hibernate: select p1_0.product_id,p1_0.is_active,p1_0.capacity,p1_0.created_at,p1_0.product_code,p1_0.product_name,p1_0.unit,p1_0.updated_at,p1_0.voltage from product p1_0 where (? is null or p1_0.product_name like ? escape '') and (? is null or p1_0.created_at>=?) and (? is null or p1_0.created_at<?) order by p1_0.product_id desc
Hibernate: select b1_0.bom_id,b1_0.product_id from bom b1_0 where b1_0.product_id=?
Hibernate: select b1_0.bom_id,b1_0.product_id from bom b1_0 where b1_0.product_id=?
Hibernate: select wo1_0.work_order_id,wo1_0.actual_start_at,wo1_0.bom_id,wo1_0.completed_at,wo1_0.due_date,wo1_0.manager_employee_id,wo1_0.order_quantity,wo1_0.work_order_no,wo1_0.work_order_status from work_order wo1_0 where (? is null or wo1_0.work_order_no like ? escape '') and (? is null or wo1_0.work_order_status=?) and (? is null or wo1_0.due_date=?) order by wo1_0.work_order_id desc
Hibernate: select p1_0.product_id,p1_0.is_active,p1_0.capacity,p1_0.created_at,p1_0.product_code,p1_0.product_name,p1_0.unit,p1_0.updated_at,p1_0.voltage from product p1_0 where (? is null or p1_0.product_name like ? escape '') and (? is null or p1_0.created_at>=?) and (? is null or p1_0.created_at<?) order by p1_0.product_id desc
Hibernate: select b1_0.bom_id,b1_0.product_id from bom b1_0 where b1_0.product_id=?
Hibernate: select b1_0.bom_id,b1_0.product_id from bom b1_0 where b1_0.product_id=?
Hibernate: select b1_0.bom_id,b1_0.product_id from bom b1_0 where b1_0.bom_id=?
Hibernate: select e1_0.employee_id,e1_0.is_active,e1_0.employee_name,e1_0.employee_no,e1_0.hire_date,e1_0.password,e1_0.role,e1_0.username from employee e1_0 where e1_0.username=?
Hibernate: select count(wo1_0.work_order_id) from work_order wo1_0 where wo1_0.work_order_no like ? escape '\\'
Hibernate: insert into work_order (actual_start_at,bom_id,completed_at,due_date,manager_employee_id,order_quantity,work_order_no,work_order_status) values (?,?,?,?,?,?,?,?)
Hibernate: select p1_0.product_id,p1_0.is_active,b1_0.bom_id,p1_0.capacity,p1_0.created_at,p1_0.product_code,p1_0.product_name,p1_0.unit,p1_0.updated_at,p1_0.voltage from product p1_0 left join bom b1_0 on p1_0.product_id=b1_0.product_id where p1_0.product_id=?
Hibernate: select wo1_0.work_order_id,wo1_0.actual_start_at,wo1_0.bom_id,wo1_0.completed_at,wo1_0.due_date,wo1_0.manager_employee_id,wo1_0.order_quantity,wo1_0.work_order_no,wo1_0.work_order_status from work_order wo1_0 where (? is null or wo1_0.work_order_no like ? escape '') and (? is null or wo1_0.work_order_status=?) and (? is null or wo1_0.due_date=?) order by wo1_0.work_order_id desc
Hibernate: select pl1_0.product_lot_id,pl1_0.current_qty,pl1_0.lot_created_at,pl1_0.lot_status,pl1_0.product_lot_no,pl1_0.work_order_id from product_lot pl1_0 where pl1_0.work_order_id=?
Hibernate: select b1_0.bom_id,b1_0.product_id from bom b1_0 where b1_0.bom_id=?
Hibernate: select p1_0.product_id,p1_0.is_active,b1_0.bom_id,p1_0.capacity,p1_0.created_at,p1_0.product_code,p1_0.product_name,p1_0.unit,p1_0.updated_at,p1_0.voltage from product p1_0 left join bom b1_0 on p1_0.product_id=b1_0.product_id where p1_0.product_id=?
Hibernate: select e1_0.employee_id,e1_0.is_active,e1_0.employee_name,e1_0.employee_no,e1_0.hire_date,e1_0.password,e1_0.role,e1_0.username from employee e1_0 where e1_0.employee_id=?
Hibernate: select e1_0.employee_id,e1_0.is_active,e1_0.employee_name,e1_0.employee_no,e1_0.hire_date,e1_0.password,e1_0.role,e1_0.username from employee e1_0 where e1_0.username=?
Hibernate: select wo1_0.work_order_id,wo1_0.actual_start_at,wo1_0.bom_id,wo1_0.completed_at,wo1_0.due_date,wo1_0.manager_employee_id,wo1_0.order_quantity,wo1_0.work_order_no,wo1_0.work_order_status from work_order wo1_0 where (? is null or wo1_0.work_order_no like ? escape '') and (? is null or wo1_0.work_order_status=?) and (? is null or wo1_0.due_date=?) order by wo1_0.work_order_id desc
Hibernate: select p1_0.product_id,p1_0.is_active,p1_0.capacity,p1_0.created_at,p1_0.product_code,p1_0.product_name,p1_0.unit,p1_0.updated_at,p1_0.voltage from product p1_0 where (? is null or p1_0.product_name like ? escape '') and (? is null or p1_0.created_at>=?) and (? is null or p1_0.created_at<?) order by p1_0.product_id desc
Hibernate: select b1_0.bom_id,b1_0.product_id from bom b1_0 where b1_0.product_id=?
Hibernate: select pl1_0.product_lot_id,pl1_0.current_qty,pl1_0.lot_created_at,pl1_0.lot_status,pl1_0.product_lot_no,pl1_0.work_order_id from product_lot pl1_0 where pl1_0.work_order_id=?
Hibernate: select b1_0.bom_id,b1_0.product_id from bom b1_0 where b1_0.bom_id=?
Hibernate: select b1_0.bom_id,b1_0.product_id from bom b1_0 where b1_0.product_id=?
Hibernate: select p1_0.product_id,p1_0.is_active,b1_0.bom_id,p1_0.capacity,p1_0.created_at,p1_0.product_code,p1_0.product_name,p1_0.unit,p1_0.updated_at,p1_0.voltage from product p1_0 left join bom b1_0 on p1_0.product_id=b1_0.product_id where p1_0.product_id=?
Hibernate: select e1_0.employee_id,e1_0.is_active,e1_0.employee_name,e1_0.employee_no,e1_0.hire_date,e1_0.password,e1_0.role,e1_0.username from employee e1_0 where e1_0.employee_id=?
Hibernate: select b1_0.bom_id,b1_0.product_id from bom b1_0 where b1_0.bom_id=?
Hibernate: select e1_0.employee_id,e1_0.is_active,e1_0.employee_name,e1_0.employee_no,e1_0.hire_date,e1_0.password,e1_0.role,e1_0.username from employee e1_0 where e1_0.username=?
Hibernate: select count(wo1_0.work_order_id) from work_order wo1_0 where wo1_0.work_order_no like ? escape '\\'
Hibernate: insert into work_order (actual_start_at,bom_id,completed_at,due_date,manager_employee_id,order_quantity,work_order_no,work_order_status) values (?,?,?,?,?,?,?,?)
Hibernate: select p1_0.product_id,p1_0.is_active,b1_0.bom_id,p1_0.capacity,p1_0.created_at,p1_0.product_code,p1_0.product_name,p1_0.unit,p1_0.updated_at,p1_0.voltage from product p1_0 left join bom b1_0 on p1_0.product_id=b1_0.product_id where p1_0.product_id=?
Hibernate: select wo1_0.work_order_id,wo1_0.actual_start_at,wo1_0.bom_id,wo1_0.completed_at,wo1_0.due_date,wo1_0.manager_employee_id,wo1_0.order_quantity,wo1_0.work_order_no,wo1_0.work_order_status from work_order wo1_0 where (? is null or wo1_0.work_order_no like ? escape '') and (? is null or wo1_0.work_order_status=?) and (? is null or wo1_0.due_date=?) order by wo1_0.work_order_id desc
Hibernate: select pl1_0.product_lot_id,pl1_0.current_qty,pl1_0.lot_created_at,pl1_0.lot_status,pl1_0.product_lot_no,pl1_0.work_order_id from product_lot pl1_0 where pl1_0.work_order_id=?
Hibernate: select pl1_0.product_lot_id,pl1_0.current_qty,pl1_0.lot_created_at,pl1_0.lot_status,pl1_0.product_lot_no,pl1_0.work_order_id from product_lot pl1_0 where pl1_0.work_order_id=?
Hibernate: select b1_0.bom_id,b1_0.product_id from bom b1_0 where b1_0.bom_id=?
Hibernate: select p1_0.product_id,p1_0.is_active,b1_0.bom_id,p1_0.capacity,p1_0.created_at,p1_0.product_code,p1_0.product_name,p1_0.unit,p1_0.updated_at,p1_0.voltage from product p1_0 left join bom b1_0 on p1_0.product_id=b1_0.product_id where p1_0.product_id=?
Hibernate: select e1_0.employee_id,e1_0.is_active,e1_0.employee_name,e1_0.employee_no,e1_0.hire_date,e1_0.password,e1_0.role,e1_0.username from employee e1_0 where e1_0.employee_id=?
Hibernate: select p1_0.product_id,p1_0.is_active,p1_0.capacity,p1_0.created_at,p1_0.product_code,p1_0.product_name,p1_0.unit,p1_0.updated_at,p1_0.voltage from product p1_0 where (? is null or p1_0.product_name like ? escape '') and (? is null or p1_0.created_at>=?) and (? is null or p1_0.created_at<?) order by p1_0.product_id desc
Hibernate: select b1_0.bom_id,b1_0.product_id from bom b1_0 where b1_0.product_id=?
Hibernate: select b1_0.bom_id,b1_0.product_id from bom b1_0 where b1_0.product_id=?
Hibernate: select wo1_0.work_order_id,wo1_0.actual_start_at,wo1_0.bom_id,wo1_0.completed_at,wo1_0.due_date,wo1_0.manager_employee_id,wo1_0.order_quantity,wo1_0.work_order_no,wo1_0.work_order_status from work_order wo1_0 where (? is null or wo1_0.work_order_no like ? escape '') and (? is null or wo1_0.work_order_status=?) and (? is null or wo1_0.due_date=?) order by wo1_0.work_order_id desc
Hibernate: select pl1_0.product_lot_id,pl1_0.current_qty,pl1_0.lot_created_at,pl1_0.lot_status,pl1_0.product_lot_no,pl1_0.work_order_id from product_lot pl1_0 where pl1_0.work_order_id=?
Hibernate: select pl1_0.product_lot_id,pl1_0.current_qty,pl1_0.lot_created_at,pl1_0.lot_status,pl1_0.product_lot_no,pl1_0.work_order_id from product_lot pl1_0 where pl1_0.work_order_id=?
Hibernate: select b1_0.bom_id,b1_0.product_id from bom b1_0 where b1_0.bom_id=?
Hibernate: select p1_0.product_id,p1_0.is_active,b1_0.bom_id,p1_0.capacity,p1_0.created_at,p1_0.product_code,p1_0.product_name,p1_0.unit,p1_0.updated_at,p1_0.voltage from product p1_0 left join bom b1_0 on p1_0.product_id=b1_0.product_id where p1_0.product_id=?
Hibernate: select e1_0.employee_id,e1_0.is_active,e1_0.employee_name,e1_0.employee_no,e1_0.hire_date,e1_0.password,e1_0.role,e1_0.username from employee e1_0 where e1_0.employee_id=?
Hibernate: select p1_0.product_id,p1_0.is_active,p1_0.capacity,p1_0.created_at,p1_0.product_code,p1_0.product_name,p1_0.unit,p1_0.updated_at,p1_0.voltage from product p1_0 where (? is null or p1_0.product_name like ? escape '') and (? is null or p1_0.created_at>=?) and (? is null or p1_0.created_at<?) order by p1_0.product_id desc
Hibernate: select b1_0.bom_id,b1_0.product_id from bom b1_0 where b1_0.product_id=?
Hibernate: select b1_0.bom_id,b1_0.product_id from bom b1_0 where b1_0.product_id=?
Hibernate: select p1_0.product_id,p1_0.is_active,p1_0.capacity,p1_0.created_at,p1_0.product_code,p1_0.product_name,p1_0.unit,p1_0.updated_at,p1_0.voltage from product p1_0 where (? is null or p1_0.product_name like ? escape '') and (? is null or p1_0.created_at>=?) and (? is null or p1_0.created_at<?) order by p1_0.product_id desc
Hibernate: select b1_0.bom_id,b1_0.product_id from bom b1_0 where b1_0.product_id=?
Hibernate: select b1_0.bom_id,b1_0.product_id from bom b1_0 where b1_0.product_id=?
Hibernate: select wo1_0.work_order_id,wo1_0.actual_start_at,wo1_0.bom_id,wo1_0.completed_at,wo1_0.due_date,wo1_0.manager_employee_id,wo1_0.order_quantity,wo1_0.work_order_no,wo1_0.work_order_status from work_order wo1_0 where (? is null or wo1_0.work_order_no like ? escape '') and (? is null or wo1_0.work_order_status=?) and (? is null or wo1_0.due_date=?) order by wo1_0.work_order_id desc
Hibernate: select p1_0.product_id,p1_0.is_active,p1_0.capacity,p1_0.created_at,p1_0.product_code,p1_0.product_name,p1_0.unit,p1_0.updated_at,p1_0.voltage from product p1_0 where (? is null or p1_0.product_name like ? escape '') and (? is null or p1_0.created_at>=?) and (? is null or p1_0.created_at<?) order by p1_0.product_id desc
Hibernate: select b1_0.bom_id,b1_0.product_id from bom b1_0 where b1_0.product_id=?
Hibernate: select pl1_0.product_lot_id,pl1_0.current_qty,pl1_0.lot_created_at,pl1_0.lot_status,pl1_0.product_lot_no,pl1_0.work_order_id from product_lot pl1_0 where pl1_0.work_order_id=?
Hibernate: select b1_0.bom_id,b1_0.product_id from bom b1_0 where b1_0.bom_id=?
Hibernate: select b1_0.bom_id,b1_0.product_id from bom b1_0 where b1_0.product_id=?
Hibernate: select p1_0.product_id,p1_0.is_active,b1_0.bom_id,p1_0.capacity,p1_0.created_at,p1_0.product_code,p1_0.product_name,p1_0.unit,p1_0.updated_at,p1_0.voltage from product p1_0 left join bom b1_0 on p1_0.product_id=b1_0.product_id where p1_0.product_id=?
Hibernate: select e1_0.employee_id,e1_0.is_active,e1_0.employee_name,e1_0.employee_no,e1_0.hire_date,e1_0.password,e1_0.role,e1_0.username from employee e1_0 where e1_0.employee_id=?
Hibernate: select wo1_0.work_order_id,wo1_0.actual_start_at,wo1_0.bom_id,wo1_0.completed_at,wo1_0.due_date,wo1_0.manager_employee_id,wo1_0.order_quantity,wo1_0.work_order_no,wo1_0.work_order_status from work_order wo1_0 where (? is null or wo1_0.work_order_no like ? escape '') and (? is null or wo1_0.work_order_status=?) and (? is null or wo1_0.due_date=?) order by wo1_0.work_order_id desc
Hibernate: select pl1_0.product_lot_id,pl1_0.current_qty,pl1_0.lot_created_at,pl1_0.lot_status,pl1_0.product_lot_no,pl1_0.work_order_id from product_lot pl1_0 where pl1_0.work_order_id=?
Hibernate: select b1_0.bom_id,b1_0.product_id from bom b1_0 where b1_0.bom_id=?
Hibernate: select p1_0.product_id,p1_0.is_active,b1_0.bom_id,p1_0.capacity,p1_0.created_at,p1_0.product_code,p1_0.product_name,p1_0.unit,p1_0.updated_at,p1_0.voltage from product p1_0 left join bom b1_0 on p1_0.product_id=b1_0.product_id where p1_0.product_id=?
Hibernate: select e1_0.employee_id,e1_0.is_active,e1_0.employee_name,e1_0.employee_no,e1_0.hire_date,e1_0.password,e1_0.role,e1_0.username from employee e1_0 where e1_0.employee_id=?
Hibernate: select p1_0.product_id,p1_0.is_active,p1_0.capacity,p1_0.created_at,p1_0.product_code,p1_0.product_name,p1_0.unit,p1_0.updated_at,p1_0.voltage from product p1_0 where (? is null or p1_0.product_name like ? escape '') and (? is null or p1_0.created_at>=?) and (? is null or p1_0.created_at<?) order by p1_0.product_id desc
Hibernate: select b1_0.bom_id,b1_0.product_id from bom b1_0 where b1_0.product_id=?
Hibernate: select b1_0.bom_id,b1_0.product_id from bom b1_0 where b1_0.product_id=?
Hibernate: select p1_0.product_id,p1_0.is_active,p1_0.capacity,p1_0.created_at,p1_0.product_code,p1_0.product_name,p1_0.unit,p1_0.updated_at,p1_0.voltage from product p1_0 where (? is null or p1_0.product_name like ? escape '') and (? is null or p1_0.created_at>=?) and (? is null or p1_0.created_at<?) order by p1_0.product_id desc
Hibernate: select wo1_0.work_order_id,wo1_0.actual_start_at,wo1_0.bom_id,wo1_0.completed_at,wo1_0.due_date,wo1_0.manager_employee_id,wo1_0.order_quantity,wo1_0.work_order_no,wo1_0.work_order_status from work_order wo1_0 where (? is null or wo1_0.work_order_no like ? escape '') and (? is null or wo1_0.work_order_status=?) and (? is null or wo1_0.due_date=?) order by wo1_0.work_order_id desc
Hibernate: select b1_0.bom_id,b1_0.product_id from bom b1_0 where b1_0.product_id=?
Hibernate: select pl1_0.product_lot_id,pl1_0.current_qty,pl1_0.lot_created_at,pl1_0.lot_status,pl1_0.product_lot_no,pl1_0.work_order_id from product_lot pl1_0 where pl1_0.work_order_id=?
Hibernate: select b1_0.bom_id,b1_0.product_id from bom b1_0 where b1_0.product_id=?
Hibernate: select b1_0.bom_id,b1_0.product_id from bom b1_0 where b1_0.bom_id=?
Hibernate: select p1_0.product_id,p1_0.is_active,b1_0.bom_id,p1_0.capacity,p1_0.created_at,p1_0.product_code,p1_0.product_name,p1_0.unit,p1_0.updated_at,p1_0.voltage from product p1_0 left join bom b1_0 on p1_0.product_id=b1_0.product_id where p1_0.product_id=?
Hibernate: select e1_0.employee_id,e1_0.is_active,e1_0.employee_name,e1_0.employee_no,e1_0.hire_date,e1_0.password,e1_0.role,e1_0.username from employee e1_0 where e1_0.employee_id=?
Hibernate: select wo1_0.work_order_id,wo1_0.actual_start_at,wo1_0.bom_id,wo1_0.completed_at,wo1_0.due_date,wo1_0.manager_employee_id,wo1_0.order_quantity,wo1_0.work_order_no,wo1_0.work_order_status from work_order wo1_0 where (? is null or wo1_0.work_order_no like ? escape '') and (? is null or wo1_0.work_order_status=?) and (? is null or wo1_0.due_date=?) order by wo1_0.work_order_id desc
Hibernate: select pl1_0.product_lot_id,pl1_0.current_qty,pl1_0.lot_created_at,pl1_0.lot_status,pl1_0.product_lot_no,pl1_0.work_order_id from product_lot pl1_0 where pl1_0.work_order_id=?
Hibernate: select b1_0.bom_id,b1_0.product_id from bom b1_0 where b1_0.bom_id=?
Hibernate: select p1_0.product_id,p1_0.is_active,b1_0.bom_id,p1_0.capacity,p1_0.created_at,p1_0.product_code,p1_0.product_name,p1_0.unit,p1_0.updated_at,p1_0.voltage from product p1_0 left join bom b1_0 on p1_0.product_id=b1_0.product_id where p1_0.product_id=?
Hibernate: select e1_0.employee_id,e1_0.is_active,e1_0.employee_name,e1_0.employee_no,e1_0.hire_date,e1_0.password,e1_0.role,e1_0.username from employee e1_0 where e1_0.employee_id=?
Hibernate: select p1_0.product_id,p1_0.is_active,p1_0.capacity,p1_0.created_at,p1_0.product_code,p1_0.product_name,p1_0.unit,p1_0.updated_at,p1_0.voltage from product p1_0 where (? is null or p1_0.product_name like ? escape '') and (? is null or p1_0.created_at>=?) and (? is null or p1_0.created_at<?) order by p1_0.product_id desc
Hibernate: select b1_0.bom_id,b1_0.product_id from bom b1_0 where b1_0.product_id=?
Hibernate: select b1_0.bom_id,b1_0.product_id from bom b1_0 where b1_0.product_id=?
Hibernate: select p1_0.process_id,p1_0.description,p1_0.manager_employee_id,p1_0.process_code,p1_0.process_name,p1_0.process_status,p1_0.process_type,p1_0.sequence_no from process p1_0 where (? is null or p1_0.process_name like ? escape '') and (? is null or p1_0.process_status=?) order by p1_0.sequence_no
Hibernate: select e1_0.employee_id,e1_0.is_active,e1_0.employee_name,e1_0.employee_no,e1_0.hire_date,e1_0.password,e1_0.role,e1_0.username from employee e1_0 where (? is null or e1_0.hire_date>=?) and (? is null or e1_0.hire_date<=?) and (? is null or e1_0.role=?) order by e1_0.hire_date desc,e1_0.employee_id desc
Hibernate: select e1_0.equipment_id,e1_0.is_active,e1_0.current_humidity,e1_0.current_supply_voltage,e1_0.current_temp,e1_0.equipment_code,e1_0.equipment_name,e1_0.equipment_port,e1_0.equipment_status,e1_0.last_battery_voltage,e1_0.last_reported_at,e1_0.process_id,e1_0.status_message from equipment e1_0 where e1_0.process_id=?
Hibernate: select e1_0.equipment_id,e1_0.is_active,e1_0.current_humidity,e1_0.current_supply_voltage,e1_0.current_temp,e1_0.equipment_code,e1_0.equipment_name,e1_0.equipment_port,e1_0.equipment_status,e1_0.last_battery_voltage,e1_0.last_reported_at,e1_0.process_id,e1_0.status_message from equipment e1_0 where e1_0.process_id=?
Hibernate: select e1_0.equipment_id,e1_0.is_active,e1_0.current_humidity,e1_0.current_supply_voltage,e1_0.current_temp,e1_0.equipment_code,e1_0.equipment_name,e1_0.equipment_port,e1_0.equipment_status,e1_0.last_battery_voltage,e1_0.last_reported_at,e1_0.process_id,e1_0.status_message from equipment e1_0 where e1_0.process_id=?
Hibernate: select e1_0.equipment_id,e1_0.is_active,e1_0.current_humidity,e1_0.current_supply_voltage,e1_0.current_temp,e1_0.equipment_code,e1_0.equipment_name,e1_0.equipment_port,e1_0.equipment_status,e1_0.last_battery_voltage,e1_0.last_reported_at,e1_0.process_id,e1_0.status_message from equipment e1_0 where e1_0.process_id=?
Hibernate: select e1_0.equipment_id,e1_0.is_active,e1_0.current_humidity,e1_0.current_supply_voltage,e1_0.current_temp,e1_0.equipment_code,e1_0.equipment_name,e1_0.equipment_port,e1_0.equipment_status,e1_0.last_battery_voltage,e1_0.last_reported_at,e1_0.process_id,e1_0.status_message from equipment e1_0 where e1_0.process_id=?
Hibernate: select e1_0.equipment_id,e1_0.is_active,e1_0.current_humidity,e1_0.current_supply_voltage,e1_0.current_temp,e1_0.equipment_code,e1_0.equipment_name,e1_0.equipment_port,e1_0.equipment_status,e1_0.last_battery_voltage,e1_0.last_reported_at,e1_0.process_id,e1_0.status_message from equipment e1_0 where e1_0.process_id=?
Hibernate: select e1_0.employee_id,e1_0.is_active,e1_0.employee_name,e1_0.employee_no,e1_0.hire_date,e1_0.password,e1_0.role,e1_0.username from employee e1_0 where e1_0.employee_id=?
Hibernate: select e1_0.employee_id,e1_0.is_active,e1_0.employee_name,e1_0.employee_no,e1_0.hire_date,e1_0.password,e1_0.role,e1_0.username from employee e1_0 where (? is null or e1_0.hire_date>=?) and (? is null or e1_0.hire_date<=?) and (? is null or e1_0.role=?) order by e1_0.hire_date desc,e1_0.employee_id desc
Hibernate: select p1_0.product_id,p1_0.is_active,p1_0.capacity,p1_0.created_at,p1_0.product_code,p1_0.product_name,p1_0.unit,p1_0.updated_at,p1_0.voltage from product p1_0 where (? is null or p1_0.product_name like ? escape '') and (? is null or p1_0.created_at>=?) and (? is null or p1_0.created_at<?) order by p1_0.product_id desc
Hibernate: select b1_0.bom_id,b1_0.product_id from bom b1_0 where b1_0.product_id=?
Hibernate: select b1_0.bom_id,b1_0.product_id from bom b1_0 where b1_0.product_id=?
Hibernate: select p1_0.process_id,p1_0.description,p1_0.manager_employee_id,p1_0.process_code,p1_0.process_name,p1_0.process_status,p1_0.process_type,p1_0.sequence_no from process p1_0 where (? is null or p1_0.process_name like ? escape '') and (? is null or p1_0.process_status=?) order by p1_0.sequence_no
Hibernate: select e1_0.equipment_id,e1_0.is_active,e1_0.current_humidity,e1_0.current_supply_voltage,e1_0.current_temp,e1_0.equipment_code,e1_0.equipment_name,e1_0.equipment_port,e1_0.equipment_status,e1_0.last_battery_voltage,e1_0.last_reported_at,e1_0.process_id,e1_0.status_message from equipment e1_0 where e1_0.process_id=?
Hibernate: select m1_0.material_id,m1_0.is_active,m1_0.material_code,m1_0.material_name,m1_0.registered_at,m1_0.safety_stock,m1_0.unit from material m1_0 where (? is null or m1_0.material_name like ? escape '') and (? is null or m1_0.material_code like ? escape '') order by m1_0.material_id desc
Hibernate: select e1_0.equipment_id,e1_0.is_active,e1_0.current_humidity,e1_0.current_supply_voltage,e1_0.current_temp,e1_0.equipment_code,e1_0.equipment_name,e1_0.equipment_port,e1_0.equipment_status,e1_0.last_battery_voltage,e1_0.last_reported_at,e1_0.process_id,e1_0.status_message from equipment e1_0 where e1_0.process_id=?
Hibernate: select e1_0.equipment_id,e1_0.is_active,e1_0.current_humidity,e1_0.current_supply_voltage,e1_0.current_temp,e1_0.equipment_code,e1_0.equipment_name,e1_0.equipment_port,e1_0.equipment_status,e1_0.last_battery_voltage,e1_0.last_reported_at,e1_0.process_id,e1_0.status_message from equipment e1_0 where e1_0.process_id=?
Hibernate: select e1_0.equipment_id,e1_0.is_active,e1_0.current_humidity,e1_0.current_supply_voltage,e1_0.current_temp,e1_0.equipment_code,e1_0.equipment_name,e1_0.equipment_port,e1_0.equipment_status,e1_0.last_battery_voltage,e1_0.last_reported_at,e1_0.process_id,e1_0.status_message from equipment e1_0 where e1_0.process_id=?
Hibernate: select e1_0.equipment_id,e1_0.is_active,e1_0.current_humidity,e1_0.current_supply_voltage,e1_0.current_temp,e1_0.equipment_code,e1_0.equipment_name,e1_0.equipment_port,e1_0.equipment_status,e1_0.last_battery_voltage,e1_0.last_reported_at,e1_0.process_id,e1_0.status_message from equipment e1_0 where e1_0.process_id=?
Hibernate: select e1_0.equipment_id,e1_0.is_active,e1_0.current_humidity,e1_0.current_supply_voltage,e1_0.current_temp,e1_0.equipment_code,e1_0.equipment_name,e1_0.equipment_port,e1_0.equipment_status,e1_0.last_battery_voltage,e1_0.last_reported_at,e1_0.process_id,e1_0.status_message from equipment e1_0 where e1_0.process_id=?
Hibernate: select e1_0.employee_id,e1_0.is_active,e1_0.employee_name,e1_0.employee_no,e1_0.hire_date,e1_0.password,e1_0.role,e1_0.username from employee e1_0 where e1_0.employee_id=?
Hibernate: select b1_0.bom_id,b1_0.product_id from bom b1_0 where b1_0.product_id=?
Hibernate: select bi1_0.bom_item_id,bi1_0.bom_id,bi1_0.input_process_id,bi1_0.material_id,bi1_0.required_quantity,bi1_0.sequence_no from bom_item bi1_0 where bi1_0.bom_id=?
Hibernate: select wo1_0.work_order_id,wo1_0.actual_start_at,wo1_0.bom_id,wo1_0.completed_at,wo1_0.due_date,wo1_0.manager_employee_id,wo1_0.order_quantity,wo1_0.work_order_no,wo1_0.work_order_status from work_order wo1_0 where (? is null or wo1_0.work_order_no like ? escape '') and (? is null or wo1_0.work_order_status=?) and (? is null or wo1_0.due_date=?) order by wo1_0.work_order_id desc
Hibernate: select pl1_0.product_lot_id,pl1_0.current_qty,pl1_0.lot_created_at,pl1_0.lot_status,pl1_0.product_lot_no,pl1_0.work_order_id from product_lot pl1_0 where pl1_0.work_order_id=?
Hibernate: select b1_0.bom_id,b1_0.product_id from bom b1_0 where b1_0.bom_id=?
Hibernate: select p1_0.product_id,p1_0.is_active,b1_0.bom_id,p1_0.capacity,p1_0.created_at,p1_0.product_code,p1_0.product_name,p1_0.unit,p1_0.updated_at,p1_0.voltage from product p1_0 left join bom b1_0 on p1_0.product_id=b1_0.product_id where p1_0.product_id=?
Hibernate: select e1_0.employee_id,e1_0.is_active,e1_0.employee_name,e1_0.employee_no,e1_0.hire_date,e1_0.password,e1_0.role,e1_0.username from employee e1_0 where e1_0.employee_id=?
Hibernate: select p1_0.product_id,p1_0.is_active,p1_0.capacity,p1_0.created_at,p1_0.product_code,p1_0.product_name,p1_0.unit,p1_0.updated_at,p1_0.voltage from product p1_0 where (? is null or p1_0.product_name like ? escape '') and (? is null or p1_0.created_at>=?) and (? is null or p1_0.created_at<?) order by p1_0.product_id desc
Hibernate: select b1_0.bom_id,b1_0.product_id from bom b1_0 where b1_0.product_id=?
Hibernate: select b1_0.bom_id,b1_0.product_id from bom b1_0 where b1_0.product_id=?
Hibernate: select wo1_0.work_order_id,wo1_0.actual_start_at,wo1_0.bom_id,wo1_0.completed_at,wo1_0.due_date,wo1_0.manager_employee_id,wo1_0.order_quantity,wo1_0.work_order_no,wo1_0.work_order_status from work_order wo1_0 where (? is null or wo1_0.work_order_no like ? escape '') and (? is null or wo1_0.work_order_status=?) and (? is null or wo1_0.due_date=?) order by wo1_0.work_order_id desc
Hibernate: select pl1_0.product_lot_id,pl1_0.current_qty,pl1_0.lot_created_at,pl1_0.lot_status,pl1_0.product_lot_no,pl1_0.work_order_id from product_lot pl1_0 where pl1_0.work_order_id=?
Hibernate: select b1_0.bom_id,b1_0.product_id from bom b1_0 where b1_0.bom_id=?
Hibernate: select p1_0.product_id,p1_0.is_active,b1_0.bom_id,p1_0.capacity,p1_0.created_at,p1_0.product_code,p1_0.product_name,p1_0.unit,p1_0.updated_at,p1_0.voltage from product p1_0 left join bom b1_0 on p1_0.product_id=b1_0.product_id where p1_0.product_id=?
Hibernate: select e1_0.employee_id,e1_0.is_active,e1_0.employee_name,e1_0.employee_no,e1_0.hire_date,e1_0.password,e1_0.role,e1_0.username from employee e1_0 where e1_0.employee_id=?
Hibernate: select p1_0.product_id,p1_0.is_active,p1_0.capacity,p1_0.created_at,p1_0.product_code,p1_0.product_name,p1_0.unit,p1_0.updated_at,p1_0.voltage from product p1_0 where (? is null or p1_0.product_name like ? escape '') and (? is null or p1_0.created_at>=?) and (? is null or p1_0.created_at<?) order by p1_0.product_id desc
Hibernate: select b1_0.bom_id,b1_0.product_id from bom b1_0 where b1_0.product_id=?
Hibernate: select b1_0.bom_id,b1_0.product_id from bom b1_0 where b1_0.product_id=?
Hibernate: select p1_0.product_id,p1_0.is_active,p1_0.capacity,p1_0.created_at,p1_0.product_code,p1_0.product_name,p1_0.unit,p1_0.updated_at,p1_0.voltage from product p1_0 where (? is null or p1_0.product_name like ? escape '') and (? is null or p1_0.created_at>=?) and (? is null or p1_0.created_at<?) order by p1_0.product_id desc
Hibernate: select wo1_0.work_order_id,wo1_0.actual_start_at,wo1_0.bom_id,wo1_0.completed_at,wo1_0.due_date,wo1_0.manager_employee_id,wo1_0.order_quantity,wo1_0.work_order_no,wo1_0.work_order_status from work_order wo1_0 where (? is null or wo1_0.work_order_no like ? escape '') and (? is null or wo1_0.work_order_status=?) and (? is null or wo1_0.due_date=?) order by wo1_0.work_order_id desc
Hibernate: select b1_0.bom_id,b1_0.product_id from bom b1_0 where b1_0.product_id=?
Hibernate: select pl1_0.product_lot_id,pl1_0.current_qty,pl1_0.lot_created_at,pl1_0.lot_status,pl1_0.product_lot_no,pl1_0.work_order_id from product_lot pl1_0 where pl1_0.work_order_id=?
Hibernate: select b1_0.bom_id,b1_0.product_id from bom b1_0 where b1_0.product_id=?
Hibernate: select b1_0.bom_id,b1_0.product_id from bom b1_0 where b1_0.bom_id=?
Hibernate: select p1_0.product_id,p1_0.is_active,b1_0.bom_id,p1_0.capacity,p1_0.created_at,p1_0.product_code,p1_0.product_name,p1_0.unit,p1_0.updated_at,p1_0.voltage from product p1_0 left join bom b1_0 on p1_0.product_id=b1_0.product_id where p1_0.product_id=?
Hibernate: select e1_0.employee_id,e1_0.is_active,e1_0.employee_name,e1_0.employee_no,e1_0.hire_date,e1_0.password,e1_0.role,e1_0.username from employee e1_0 where e1_0.employee_id=?
Hibernate: select p1_0.product_id,p1_0.is_active,p1_0.capacity,p1_0.created_at,p1_0.product_code,p1_0.product_name,p1_0.unit,p1_0.updated_at,p1_0.voltage from product p1_0 where (? is null or p1_0.product_name like ? escape '') and (? is null or p1_0.created_at>=?) and (? is null or p1_0.created_at<?) order by p1_0.product_id desc
Hibernate: select b1_0.bom_id,b1_0.product_id from bom b1_0 where b1_0.product_id=?
Hibernate: select b1_0.bom_id,b1_0.product_id from bom b1_0 where b1_0.product_id=?
Hibernate: select wo1_0.work_order_id,wo1_0.actual_start_at,wo1_0.bom_id,wo1_0.completed_at,wo1_0.due_date,wo1_0.manager_employee_id,wo1_0.order_quantity,wo1_0.work_order_no,wo1_0.work_order_status from work_order wo1_0 where (? is null or wo1_0.work_order_no like ? escape '') and (? is null or wo1_0.work_order_status=?) and (? is null or wo1_0.due_date=?) order by wo1_0.work_order_id desc
Hibernate: select p1_0.product_id,p1_0.is_active,p1_0.capacity,p1_0.created_at,p1_0.product_code,p1_0.product_name,p1_0.unit,p1_0.updated_at,p1_0.voltage from product p1_0 where (? is null or p1_0.product_name like ? escape '') and (? is null or p1_0.created_at>=?) and (? is null or p1_0.created_at<?) order by p1_0.product_id desc
Hibernate: select b1_0.bom_id,b1_0.product_id from bom b1_0 where b1_0.product_id=?
Hibernate: select pl1_0.product_lot_id,pl1_0.current_qty,pl1_0.lot_created_at,pl1_0.lot_status,pl1_0.product_lot_no,pl1_0.work_order_id from product_lot pl1_0 where pl1_0.work_order_id=?
Hibernate: select b1_0.bom_id,b1_0.product_id from bom b1_0 where b1_0.product_id=?
Hibernate: select b1_0.bom_id,b1_0.product_id from bom b1_0 where b1_0.bom_id=?
Hibernate: select p1_0.product_id,p1_0.is_active,b1_0.bom_id,p1_0.capacity,p1_0.created_at,p1_0.product_code,p1_0.product_name,p1_0.unit,p1_0.updated_at,p1_0.voltage from product p1_0 left join bom b1_0 on p1_0.product_id=b1_0.product_id where p1_0.product_id=?
Hibernate: select e1_0.employee_id,e1_0.is_active,e1_0.employee_name,e1_0.employee_no,e1_0.hire_date,e1_0.password,e1_0.role,e1_0.username from employee e1_0 where e1_0.employee_id=?
Hibernate: select p1_0.product_id,p1_0.is_active,p1_0.capacity,p1_0.created_at,p1_0.product_code,p1_0.product_name,p1_0.unit,p1_0.updated_at,p1_0.voltage from product p1_0 where (? is null or p1_0.product_name like ? escape '') and (? is null or p1_0.created_at>=?) and (? is null or p1_0.created_at<?) order by p1_0.product_id desc
Hibernate: select wo1_0.work_order_id,wo1_0.actual_start_at,wo1_0.bom_id,wo1_0.completed_at,wo1_0.due_date,wo1_0.manager_employee_id,wo1_0.order_quantity,wo1_0.work_order_no,wo1_0.work_order_status from work_order wo1_0 where (? is null or wo1_0.work_order_no like ? escape '') and (? is null or wo1_0.work_order_status=?) and (? is null or wo1_0.due_date=?) order by wo1_0.work_order_id desc
Hibernate: select b1_0.bom_id,b1_0.product_id from bom b1_0 where b1_0.product_id=?
Hibernate: select pl1_0.product_lot_id,pl1_0.current_qty,pl1_0.lot_created_at,pl1_0.lot_status,pl1_0.product_lot_no,pl1_0.work_order_id from product_lot pl1_0 where pl1_0.work_order_id=?
Hibernate: select b1_0.bom_id,b1_0.product_id from bom b1_0 where b1_0.product_id=?
Hibernate: select b1_0.bom_id,b1_0.product_id from bom b1_0 where b1_0.bom_id=?
Hibernate: select p1_0.product_id,p1_0.is_active,b1_0.bom_id,p1_0.capacity,p1_0.created_at,p1_0.product_code,p1_0.product_name,p1_0.unit,p1_0.updated_at,p1_0.voltage from product p1_0 left join bom b1_0 on p1_0.product_id=b1_0.product_id where p1_0.product_id=?
Hibernate: select e1_0.employee_id,e1_0.is_active,e1_0.employee_name,e1_0.employee_no,e1_0.hire_date,e1_0.password,e1_0.role,e1_0.username from employee e1_0 where e1_0.employee_id=?
Hibernate: select wo1_0.work_order_id,wo1_0.actual_start_at,wo1_0.bom_id,wo1_0.completed_at,wo1_0.due_date,wo1_0.manager_employee_id,wo1_0.order_quantity,wo1_0.work_order_no,wo1_0.work_order_status from work_order wo1_0 where (? is null or wo1_0.work_order_no like ? escape '') and (? is null or wo1_0.work_order_status=?) and (? is null or wo1_0.due_date=?) order by wo1_0.work_order_id desc
Hibernate: select pl1_0.product_lot_id,pl1_0.current_qty,pl1_0.lot_created_at,pl1_0.lot_status,pl1_0.product_lot_no,pl1_0.work_order_id from product_lot pl1_0 where pl1_0.work_order_id=?
Hibernate: select b1_0.bom_id,b1_0.product_id from bom b1_0 where b1_0.bom_id=?
Hibernate: select p1_0.product_id,p1_0.is_active,b1_0.bom_id,p1_0.capacity,p1_0.created_at,p1_0.product_code,p1_0.product_name,p1_0.unit,p1_0.updated_at,p1_0.voltage from product p1_0 left join bom b1_0 on p1_0.product_id=b1_0.product_id where p1_0.product_id=?
Hibernate: select e1_0.employee_id,e1_0.is_active,e1_0.employee_name,e1_0.employee_no,e1_0.hire_date,e1_0.password,e1_0.role,e1_0.username from employee e1_0 where e1_0.employee_id=?
Hibernate: select p1_0.product_id,p1_0.is_active,p1_0.capacity,p1_0.created_at,p1_0.product_code,p1_0.product_name,p1_0.unit,p1_0.updated_at,p1_0.voltage from product p1_0 where (? is null or p1_0.product_name like ? escape '') and (? is null or p1_0.created_at>=?) and (? is null or p1_0.created_at<?) order by p1_0.product_id desc
Hibernate: select b1_0.bom_id,b1_0.product_id from bom b1_0 where b1_0.product_id=?
Hibernate: select b1_0.bom_id,b1_0.product_id from bom b1_0 where b1_0.product_id=?
Hibernate: select e1_0.employee_id,e1_0.is_active,e1_0.employee_name,e1_0.employee_no,e1_0.hire_date,e1_0.password,e1_0.role,e1_0.username from employee e1_0 where e1_0.username=?
2026-07-27T16:09:45.266+09:00 ERROR 18252 --- [backend] [nio-8111-exec-6] c.m.b.exception.GlobalExceptionHandler   : CustomException 발생

com.mes.backend.exception.CustomException: 현재 비밀번호가 일치하지 않습니다.
	at com.mes.backend.service.WorkerService.changePassword(WorkerService.java:75) ~[main/:na]
	at java.base/jdk.internal.reflect.NativeMethodAccessorImpl.invoke0(Native Method) ~[na:na]
	at java.base/jdk.internal.reflect.NativeMethodAccessorImpl.invoke(NativeMethodAccessorImpl.java:77) ~[na:na]
	at java.base/jdk.internal.reflect.DelegatingMethodAccessorImpl.invoke(DelegatingMethodAccessorImpl.java:43) ~[na:na]
	at java.base/java.lang.reflect.Method.invoke(Method.java:569) ~[na:na]
	at org.springframework.aop.support.AopUtils.invokeJoinpointUsingReflection(AopUtils.java:359) ~[spring-aop-7.0.8.jar:7.0.8]
	at org.springframework.aop.framework.ReflectiveMethodInvocation.invokeJoinpoint(ReflectiveMethodInvocation.java:190) ~[spring-aop-7.0.8.jar:7.0.8]
	at org.springframework.aop.framework.ReflectiveMethodInvocation.proceed(ReflectiveMethodInvocation.java:158) ~[spring-aop-7.0.8.jar:7.0.8]
	at org.springframework.transaction.interceptor.TransactionInterceptor$1.proceedWithInvocation(TransactionInterceptor.java:133) ~[spring-tx-7.0.8.jar:7.0.8]
	at org.springframework.transaction.interceptor.TransactionAspectSupport.invokeWithinTransaction(TransactionAspectSupport.java:371) ~[spring-tx-7.0.8.jar:7.0.8]
	at org.springframework.transaction.interceptor.TransactionInterceptor.invoke(TransactionInterceptor.java:130) ~[spring-tx-7.0.8.jar:7.0.8]
	at org.springframework.aop.framework.ReflectiveMethodInvocation.proceed(ReflectiveMethodInvocation.java:179) ~[spring-aop-7.0.8.jar:7.0.8]
	at org.springframework.aop.framework.CglibAopProxy$DynamicAdvisedInterceptor.intercept(CglibAopProxy.java:719) ~[spring-aop-7.0.8.jar:7.0.8]
	at com.mes.backend.service.WorkerService$$SpringCGLIB$$0.changePassword(<generated>) ~[main/:na]
	at com.mes.backend.controller.WorkerController.changePassword(WorkerController.java:60) ~[main/:na]
	at java.base/jdk.internal.reflect.NativeMethodAccessorImpl.invoke0(Native Method) ~[na:na]
	at java.base/jdk.internal.reflect.NativeMethodAccessorImpl.invoke(NativeMethodAccessorImpl.java:77) ~[na:na]
	at java.base/jdk.internal.reflect.DelegatingMethodAccessorImpl.invoke(DelegatingMethodAccessorImpl.java:43) ~[na:na]
	at java.base/java.lang.reflect.Method.invoke(Method.java:569) ~[na:na]
	at org.springframework.aop.support.AopUtils.invokeJoinpointUsingReflection(AopUtils.java:359) ~[spring-aop-7.0.8.jar:7.0.8]
	at org.springframework.aop.framework.CglibAopProxy$DynamicAdvisedInterceptor.intercept(CglibAopProxy.java:715) ~[spring-aop-7.0.8.jar:7.0.8]
	at com.mes.backend.controller.WorkerController$$SpringCGLIB$$0.changePassword(<generated>) ~[main/:na]
	at java.base/jdk.internal.reflect.NativeMethodAccessorImpl.invoke0(Native Method) ~[na:na]
	at java.base/jdk.internal.reflect.NativeMethodAccessorImpl.invoke(NativeMethodAccessorImpl.java:77) ~[na:na]
	at java.base/jdk.internal.reflect.DelegatingMethodAccessorImpl.invoke(DelegatingMethodAccessorImpl.java:43) ~[na:na]
	at java.base/java.lang.reflect.Method.invoke(Method.java:569) ~[na:na]
	at org.springframework.web.method.support.InvocableHandlerMethod.doInvoke(InvocableHandlerMethod.java:252) ~[spring-web-7.0.8.jar:7.0.8]
	at org.springframework.web.method.support.InvocableHandlerMethod.invokeForRequest(InvocableHandlerMethod.java:184) ~[spring-web-7.0.8.jar:7.0.8]
	at org.springframework.web.servlet.mvc.method.annotation.ServletInvocableHandlerMethod.invokeAndHandle(ServletInvocableHandlerMethod.java:117) ~[spring-webmvc-7.0.8.jar:7.0.8]
	at org.springframework.web.servlet.mvc.method.annotation.RequestMappingHandlerAdapter.invokeHandlerMethod(RequestMappingHandlerAdapter.java:934) ~[spring-webmvc-7.0.8.jar:7.0.8]
	at org.springframework.web.servlet.mvc.method.annotation.RequestMappingHandlerAdapter.handleInternal(RequestMappingHandlerAdapter.java:853) ~[spring-webmvc-7.0.8.jar:7.0.8]
	at org.springframework.web.servlet.mvc.method.AbstractHandlerMethodAdapter.handle(AbstractHandlerMethodAdapter.java:86) ~[spring-webmvc-7.0.8.jar:7.0.8]
	at org.springframework.web.servlet.DispatcherServlet.doDispatch(DispatcherServlet.java:963) ~[spring-webmvc-7.0.8.jar:7.0.8]
	at org.springframework.web.servlet.DispatcherServlet.doService(DispatcherServlet.java:866) ~[spring-webmvc-7.0.8.jar:7.0.8]
	at org.springframework.web.servlet.FrameworkServlet.processRequest(FrameworkServlet.java:1000) ~[spring-webmvc-7.0.8.jar:7.0.8]
	at org.springframework.web.servlet.FrameworkServlet.doPost(FrameworkServlet.java:903) ~[spring-webmvc-7.0.8.jar:7.0.8]
	at jakarta.servlet.http.HttpServlet.service(HttpServlet.java:649) ~[tomcat-embed-core-11.0.22.jar:6.1]
	at org.springframework.web.servlet.FrameworkServlet.service(FrameworkServlet.java:874) ~[spring-webmvc-7.0.8.jar:7.0.8]
	at jakarta.servlet.http.HttpServlet.service(HttpServlet.java:710) ~[tomcat-embed-core-11.0.22.jar:6.1]
	at org.apache.catalina.core.ApplicationFilterChain.doFilter(ApplicationFilterChain.java:128) ~[tomcat-embed-core-11.0.22.jar:11.0.22]
	at org.apache.tomcat.websocket.server.WsFilter.doFilter(WsFilter.java:53) ~[tomcat-embed-websocket-11.0.22.jar:11.0.22]
	at org.apache.catalina.core.ApplicationFilterChain.doFilter(ApplicationFilterChain.java:107) ~[tomcat-embed-core-11.0.22.jar:11.0.22]
	at org.springframework.web.filter.CompositeFilter$VirtualFilterChain.doFilter(CompositeFilter.java:108) ~[spring-web-7.0.8.jar:7.0.8]
	at org.springframework.security.web.FilterChainProxy.lambda$doFilterInternal$2(FilterChainProxy.java:235) ~[spring-security-web-7.1.0.jar:7.1.0]
	at org.springframework.security.web.FilterChainProxy$VirtualFilterChain.doFilter(FilterChainProxy.java:376) ~[spring-security-web-7.1.0.jar:7.1.0]
	at org.springframework.security.web.access.intercept.AuthorizationFilter.doFilter(AuthorizationFilter.java:101) ~[spring-security-web-7.1.0.jar:7.1.0]
	at org.springframework.security.web.FilterChainProxy$VirtualFilterChain.doFilter(FilterChainProxy.java:385) ~[spring-security-web-7.1.0.jar:7.1.0]
	at org.springframework.security.web.access.ExceptionTranslationFilter.doFilter(ExceptionTranslationFilter.java:126) ~[spring-security-web-7.1.0.jar:7.1.0]
	at org.springframework.security.web.access.ExceptionTranslationFilter.doFilter(ExceptionTranslationFilter.java:120) ~[spring-security-web-7.1.0.jar:7.1.0]
	at org.springframework.security.web.FilterChainProxy$VirtualFilterChain.doFilter(FilterChainProxy.java:385) ~[spring-security-web-7.1.0.jar:7.1.0]
	at org.springframework.security.web.session.SessionManagementFilter.doFilter(SessionManagementFilter.java:132) ~[spring-security-web-7.1.0.jar:7.1.0]
	at org.springframework.security.web.session.SessionManagementFilter.doFilter(SessionManagementFilter.java:86) ~[spring-security-web-7.1.0.jar:7.1.0]
	at org.springframework.security.web.FilterChainProxy$VirtualFilterChain.doFilter(FilterChainProxy.java:385) ~[spring-security-web-7.1.0.jar:7.1.0]
	at org.springframework.security.web.authentication.AnonymousAuthenticationFilter.doFilter(AnonymousAuthenticationFilter.java:100) ~[spring-security-web-7.1.0.jar:7.1.0]
	at org.springframework.security.web.FilterChainProxy$VirtualFilterChain.doFilter(FilterChainProxy.java:385) ~[spring-security-web-7.1.0.jar:7.1.0]
	at org.springframework.security.web.servletapi.SecurityContextHolderAwareRequestFilter.doFilter(SecurityContextHolderAwareRequestFilter.java:181) ~[spring-security-web-7.1.0.jar:7.1.0]
	at org.springframework.security.web.FilterChainProxy$VirtualFilterChain.doFilter(FilterChainProxy.java:385) ~[spring-security-web-7.1.0.jar:7.1.0]
	at org.springframework.security.web.savedrequest.RequestCacheAwareFilter.doFilter(RequestCacheAwareFilter.java:63) ~[spring-security-web-7.1.0.jar:7.1.0]
	at org.springframework.security.web.FilterChainProxy$VirtualFilterChain.doFilter(FilterChainProxy.java:385) ~[spring-security-web-7.1.0.jar:7.1.0]
	at org.springframework.security.web.authentication.logout.LogoutFilter.doFilter(LogoutFilter.java:110) ~[spring-security-web-7.1.0.jar:7.1.0]
	at org.springframework.security.web.authentication.logout.LogoutFilter.doFilter(LogoutFilter.java:96) ~[spring-security-web-7.1.0.jar:7.1.0]
	at org.springframework.security.web.FilterChainProxy$VirtualFilterChain.doFilter(FilterChainProxy.java:385) ~[spring-security-web-7.1.0.jar:7.1.0]
	at org.springframework.web.filter.CorsFilter.doFilterInternal(CorsFilter.java:91) ~[spring-web-7.0.8.jar:7.0.8]
	at org.springframework.web.filter.OncePerRequestFilter.doFilter(OncePerRequestFilter.java:116) ~[spring-web-7.0.8.jar:7.0.8]
	at org.springframework.security.web.FilterChainProxy$VirtualFilterChain.doFilter(FilterChainProxy.java:385) ~[spring-security-web-7.1.0.jar:7.1.0]
	at org.springframework.security.web.header.HeaderWriterFilter.doHeadersAfter(HeaderWriterFilter.java:90) ~[spring-security-web-7.1.0.jar:7.1.0]
	at org.springframework.security.web.header.HeaderWriterFilter.doFilterInternal(HeaderWriterFilter.java:75) ~[spring-security-web-7.1.0.jar:7.1.0]
	at org.springframework.web.filter.OncePerRequestFilter.doFilter(OncePerRequestFilter.java:116) ~[spring-web-7.0.8.jar:7.0.8]
	at org.springframework.security.web.FilterChainProxy$VirtualFilterChain.doFilter(FilterChainProxy.java:385) ~[spring-security-web-7.1.0.jar:7.1.0]
	at org.springframework.security.web.context.SecurityContextHolderFilter.doFilter(SecurityContextHolderFilter.java:82) ~[spring-security-web-7.1.0.jar:7.1.0]
	at org.springframework.security.web.context.SecurityContextHolderFilter.doFilter(SecurityContextHolderFilter.java:69) ~[spring-security-web-7.1.0.jar:7.1.0]
	at org.springframework.security.web.FilterChainProxy$VirtualFilterChain.doFilter(FilterChainProxy.java:385) ~[spring-security-web-7.1.0.jar:7.1.0]
	at org.springframework.security.web.context.request.async.WebAsyncManagerIntegrationFilter.doFilterInternal(WebAsyncManagerIntegrationFilter.java:62) ~[spring-security-web-7.1.0.jar:7.1.0]
	at org.springframework.web.filter.OncePerRequestFilter.doFilter(OncePerRequestFilter.java:116) ~[spring-web-7.0.8.jar:7.0.8]
	at org.springframework.security.web.FilterChainProxy$VirtualFilterChain.doFilter(FilterChainProxy.java:385) ~[spring-security-web-7.1.0.jar:7.1.0]
	at org.springframework.security.web.session.DisableEncodeUrlFilter.doFilterInternal(DisableEncodeUrlFilter.java:42) ~[spring-security-web-7.1.0.jar:7.1.0]
	at org.springframework.web.filter.OncePerRequestFilter.doFilter(OncePerRequestFilter.java:116) ~[spring-web-7.0.8.jar:7.0.8]
	at org.springframework.security.web.FilterChainProxy$VirtualFilterChain.doFilter(FilterChainProxy.java:385) ~[spring-security-web-7.1.0.jar:7.1.0]
	at org.springframework.security.web.FilterChainProxy.doFilterInternal(FilterChainProxy.java:237) ~[spring-security-web-7.1.0.jar:7.1.0]
	at org.springframework.security.web.FilterChainProxy.doFilter(FilterChainProxy.java:195) ~[spring-security-web-7.1.0.jar:7.1.0]
	at org.springframework.web.filter.CompositeFilter$VirtualFilterChain.doFilter(CompositeFilter.java:113) ~[spring-web-7.0.8.jar:7.0.8]
	at org.springframework.web.filter.ServletRequestPathFilter.doFilter(ServletRequestPathFilter.java:52) ~[spring-web-7.0.8.jar:7.0.8]
	at org.springframework.web.filter.CompositeFilter$VirtualFilterChain.doFilter(CompositeFilter.java:113) ~[spring-web-7.0.8.jar:7.0.8]
	at org.springframework.web.filter.CompositeFilter.doFilter(CompositeFilter.java:74) ~[spring-web-7.0.8.jar:7.0.8]
	at org.springframework.security.config.annotation.web.configuration.WebSecurityConfiguration$CompositeFilterChainProxy.doFilter(WebSecurityConfiguration.java:317) ~[spring-security-config-7.1.0.jar:7.1.0]
	at org.springframework.web.filter.DelegatingFilterProxy.invokeDelegate(DelegatingFilterProxy.java:355) ~[spring-web-7.0.8.jar:7.0.8]
	at org.springframework.web.filter.DelegatingFilterProxy.doFilter(DelegatingFilterProxy.java:272) ~[spring-web-7.0.8.jar:7.0.8]
	at org.apache.catalina.core.ApplicationFilterChain.doFilter(ApplicationFilterChain.java:107) ~[tomcat-embed-core-11.0.22.jar:11.0.22]
	at org.springframework.web.filter.RequestContextFilter.doFilterInternal(RequestContextFilter.java:100) ~[spring-web-7.0.8.jar:7.0.8]
	at org.springframework.web.filter.OncePerRequestFilter.doFilter(OncePerRequestFilter.java:116) ~[spring-web-7.0.8.jar:7.0.8]
	at org.apache.catalina.core.ApplicationFilterChain.doFilter(ApplicationFilterChain.java:107) ~[tomcat-embed-core-11.0.22.jar:11.0.22]
	at org.springframework.web.filter.FormContentFilter.doFilterInternal(FormContentFilter.java:93) ~[spring-web-7.0.8.jar:7.0.8]
	at org.springframework.web.filter.OncePerRequestFilter.doFilter(OncePerRequestFilter.java:116) ~[spring-web-7.0.8.jar:7.0.8]
	at org.apache.catalina.core.ApplicationFilterChain.doFilter(ApplicationFilterChain.java:107) ~[tomcat-embed-core-11.0.22.jar:11.0.22]
	at org.springframework.web.filter.CharacterEncodingFilter.doFilterInternal(CharacterEncodingFilter.java:199) ~[spring-web-7.0.8.jar:7.0.8]
	at org.springframework.web.filter.OncePerRequestFilter.doFilter(OncePerRequestFilter.java:116) ~[spring-web-7.0.8.jar:7.0.8]
	at org.apache.catalina.core.ApplicationFilterChain.doFilter(ApplicationFilterChain.java:107) ~[tomcat-embed-core-11.0.22.jar:11.0.22]
	at org.apache.catalina.core.StandardWrapperValve.invoke(StandardWrapperValve.java:165) ~[tomcat-embed-core-11.0.22.jar:11.0.22]
	at org.apache.catalina.core.StandardContextValve.invoke(StandardContextValve.java:77) ~[tomcat-embed-core-11.0.22.jar:11.0.22]
	at org.apache.catalina.authenticator.AuthenticatorBase.invoke(AuthenticatorBase.java:492) ~[tomcat-embed-core-11.0.22.jar:11.0.22]
	at org.apache.catalina.core.StandardHostValve.invoke(StandardHostValve.java:113) ~[tomcat-embed-core-11.0.22.jar:11.0.22]
	at org.apache.catalina.valves.ErrorReportValve.invoke(ErrorReportValve.java:83) ~[tomcat-embed-core-11.0.22.jar:11.0.22]
	at org.apache.catalina.core.StandardEngineValve.invoke(StandardEngineValve.java:72) ~[tomcat-embed-core-11.0.22.jar:11.0.22]
	at org.apache.catalina.connector.CoyoteAdapter.service(CoyoteAdapter.java:341) ~[tomcat-embed-core-11.0.22.jar:11.0.22]
	at org.apache.coyote.http11.Http11Processor.service(Http11Processor.java:397) ~[tomcat-embed-core-11.0.22.jar:11.0.22]
	at org.apache.coyote.AbstractProcessorLight.process(AbstractProcessorLight.java:63) ~[tomcat-embed-core-11.0.22.jar:11.0.22]
	at org.apache.coyote.AbstractProtocol$ConnectionHandler.process(AbstractProtocol.java:1272) ~[tomcat-embed-core-11.0.22.jar:11.0.22]
	at org.apache.tomcat.util.net.NioEndpoint$SocketProcessor.doRun(NioEndpoint.java:1801) ~[tomcat-embed-core-11.0.22.jar:11.0.22]
	at org.apache.tomcat.util.net.SocketProcessorBase.run(SocketProcessorBase.java:52) ~[tomcat-embed-core-11.0.22.jar:11.0.22]
	at org.apache.tomcat.util.threads.ThreadPoolExecutor.runWorker(ThreadPoolExecutor.java:946) ~[tomcat-embed-core-11.0.22.jar:11.0.22]
	at org.apache.tomcat.util.threads.ThreadPoolExecutor$Worker.run(ThreadPoolExecutor.java:480) ~[tomcat-embed-core-11.0.22.jar:11.0.22]
	at org.apache.tomcat.util.threads.TaskThread$WrappingRunnable.run(TaskThread.java:57) ~[tomcat-embed-core-11.0.22.jar:11.0.22]
	at java.base/java.lang.Thread.run(Thread.java:840) ~[na:na]

Hibernate: select e1_0.employee_id,e1_0.is_active,e1_0.employee_name,e1_0.employee_no,e1_0.hire_date,e1_0.password,e1_0.role,e1_0.username from employee e1_0 where e1_0.username=?
Hibernate: update employee set is_active=?,employee_name=?,employee_no=?,hire_date=?,password=?,role=?,username=? where employee_id=?
Hibernate: select e1_0.employee_id,e1_0.is_active,e1_0.employee_name,e1_0.employee_no,e1_0.hire_date,e1_0.password,e1_0.role,e1_0.username from employee e1_0 where e1_0.username=?
2026-07-27T16:10:18.920+09:00 ERROR 18252 --- [backend] [nio-8111-exec-5] c.m.b.exception.GlobalExceptionHandler   : CustomException 발생

com.mes.backend.exception.CustomException: 현재 비밀번호가 일치하지 않습니다.
	at com.mes.backend.service.WorkerService.changePassword(WorkerService.java:75) ~[main/:na]
	at java.base/jdk.internal.reflect.NativeMethodAccessorImpl.invoke0(Native Method) ~[na:na]
	at java.base/jdk.internal.reflect.NativeMethodAccessorImpl.invoke(NativeMethodAccessorImpl.java:77) ~[na:na]
	at java.base/jdk.internal.reflect.DelegatingMethodAccessorImpl.invoke(DelegatingMethodAccessorImpl.java:43) ~[na:na]
	at java.base/java.lang.reflect.Method.invoke(Method.java:569) ~[na:na]
	at org.springframework.aop.support.AopUtils.invokeJoinpointUsingReflection(AopUtils.java:359) ~[spring-aop-7.0.8.jar:7.0.8]
	at org.springframework.aop.framework.ReflectiveMethodInvocation.invokeJoinpoint(ReflectiveMethodInvocation.java:190) ~[spring-aop-7.0.8.jar:7.0.8]
	at org.springframework.aop.framework.ReflectiveMethodInvocation.proceed(ReflectiveMethodInvocation.java:158) ~[spring-aop-7.0.8.jar:7.0.8]
	at org.springframework.transaction.interceptor.TransactionInterceptor$1.proceedWithInvocation(TransactionInterceptor.java:133) ~[spring-tx-7.0.8.jar:7.0.8]
	at org.springframework.transaction.interceptor.TransactionAspectSupport.invokeWithinTransaction(TransactionAspectSupport.java:371) ~[spring-tx-7.0.8.jar:7.0.8]
	at org.springframework.transaction.interceptor.TransactionInterceptor.invoke(TransactionInterceptor.java:130) ~[spring-tx-7.0.8.jar:7.0.8]
	at org.springframework.aop.framework.ReflectiveMethodInvocation.proceed(ReflectiveMethodInvocation.java:179) ~[spring-aop-7.0.8.jar:7.0.8]
	at org.springframework.aop.framework.CglibAopProxy$DynamicAdvisedInterceptor.intercept(CglibAopProxy.java:719) ~[spring-aop-7.0.8.jar:7.0.8]
	at com.mes.backend.service.WorkerService$$SpringCGLIB$$0.changePassword(<generated>) ~[main/:na]
	at com.mes.backend.controller.WorkerController.changePassword(WorkerController.java:60) ~[main/:na]
	at java.base/jdk.internal.reflect.NativeMethodAccessorImpl.invoke0(Native Method) ~[na:na]
	at java.base/jdk.internal.reflect.NativeMethodAccessorImpl.invoke(NativeMethodAccessorImpl.java:77) ~[na:na]
	at java.base/jdk.internal.reflect.DelegatingMethodAccessorImpl.invoke(DelegatingMethodAccessorImpl.java:43) ~[na:na]
	at java.base/java.lang.reflect.Method.invoke(Method.java:569) ~[na:na]
	at org.springframework.aop.support.AopUtils.invokeJoinpointUsingReflection(AopUtils.java:359) ~[spring-aop-7.0.8.jar:7.0.8]
	at org.springframework.aop.framework.CglibAopProxy$DynamicAdvisedInterceptor.intercept(CglibAopProxy.java:715) ~[spring-aop-7.0.8.jar:7.0.8]
	at com.mes.backend.controller.WorkerController$$SpringCGLIB$$0.changePassword(<generated>) ~[main/:na]
	at java.base/jdk.internal.reflect.NativeMethodAccessorImpl.invoke0(Native Method) ~[na:na]
	at java.base/jdk.internal.reflect.NativeMethodAccessorImpl.invoke(NativeMethodAccessorImpl.java:77) ~[na:na]
	at java.base/jdk.internal.reflect.DelegatingMethodAccessorImpl.invoke(DelegatingMethodAccessorImpl.java:43) ~[na:na]
	at java.base/java.lang.reflect.Method.invoke(Method.java:569) ~[na:na]
	at org.springframework.web.method.support.InvocableHandlerMethod.doInvoke(InvocableHandlerMethod.java:252) ~[spring-web-7.0.8.jar:7.0.8]
	at org.springframework.web.method.support.InvocableHandlerMethod.invokeForRequest(InvocableHandlerMethod.java:184) ~[spring-web-7.0.8.jar:7.0.8]
	at org.springframework.web.servlet.mvc.method.annotation.ServletInvocableHandlerMethod.invokeAndHandle(ServletInvocableHandlerMethod.java:117) ~[spring-webmvc-7.0.8.jar:7.0.8]
	at org.springframework.web.servlet.mvc.method.annotation.RequestMappingHandlerAdapter.invokeHandlerMethod(RequestMappingHandlerAdapter.java:934) ~[spring-webmvc-7.0.8.jar:7.0.8]
	at org.springframework.web.servlet.mvc.method.annotation.RequestMappingHandlerAdapter.handleInternal(RequestMappingHandlerAdapter.java:853) ~[spring-webmvc-7.0.8.jar:7.0.8]
	at org.springframework.web.servlet.mvc.method.AbstractHandlerMethodAdapter.handle(AbstractHandlerMethodAdapter.java:86) ~[spring-webmvc-7.0.8.jar:7.0.8]
	at org.springframework.web.servlet.DispatcherServlet.doDispatch(DispatcherServlet.java:963) ~[spring-webmvc-7.0.8.jar:7.0.8]
	at org.springframework.web.servlet.DispatcherServlet.doService(DispatcherServlet.java:866) ~[spring-webmvc-7.0.8.jar:7.0.8]
	at org.springframework.web.servlet.FrameworkServlet.processRequest(FrameworkServlet.java:1000) ~[spring-webmvc-7.0.8.jar:7.0.8]
	at org.springframework.web.servlet.FrameworkServlet.doPost(FrameworkServlet.java:903) ~[spring-webmvc-7.0.8.jar:7.0.8]
	at jakarta.servlet.http.HttpServlet.service(HttpServlet.java:649) ~[tomcat-embed-core-11.0.22.jar:6.1]
	at org.springframework.web.servlet.FrameworkServlet.service(FrameworkServlet.java:874) ~[spring-webmvc-7.0.8.jar:7.0.8]
	at jakarta.servlet.http.HttpServlet.service(HttpServlet.java:710) ~[tomcat-embed-core-11.0.22.jar:6.1]
	at org.apache.catalina.core.ApplicationFilterChain.doFilter(ApplicationFilterChain.java:128) ~[tomcat-embed-core-11.0.22.jar:11.0.22]
	at org.apache.tomcat.websocket.server.WsFilter.doFilter(WsFilter.java:53) ~[tomcat-embed-websocket-11.0.22.jar:11.0.22]
	at org.apache.catalina.core.ApplicationFilterChain.doFilter(ApplicationFilterChain.java:107) ~[tomcat-embed-core-11.0.22.jar:11.0.22]
	at org.springframework.web.filter.CompositeFilter$VirtualFilterChain.doFilter(CompositeFilter.java:108) ~[spring-web-7.0.8.jar:7.0.8]
	at org.springframework.security.web.FilterChainProxy.lambda$doFilterInternal$2(FilterChainProxy.java:235) ~[spring-security-web-7.1.0.jar:7.1.0]
	at org.springframework.security.web.FilterChainProxy$VirtualFilterChain.doFilter(FilterChainProxy.java:376) ~[spring-security-web-7.1.0.jar:7.1.0]
	at org.springframework.security.web.access.intercept.AuthorizationFilter.doFilter(AuthorizationFilter.java:101) ~[spring-security-web-7.1.0.jar:7.1.0]
	at org.springframework.security.web.FilterChainProxy$VirtualFilterChain.doFilter(FilterChainProxy.java:385) ~[spring-security-web-7.1.0.jar:7.1.0]
	at org.springframework.security.web.access.ExceptionTranslationFilter.doFilter(ExceptionTranslationFilter.java:126) ~[spring-security-web-7.1.0.jar:7.1.0]
	at org.springframework.security.web.access.ExceptionTranslationFilter.doFilter(ExceptionTranslationFilter.java:120) ~[spring-security-web-7.1.0.jar:7.1.0]
	at org.springframework.security.web.FilterChainProxy$VirtualFilterChain.doFilter(FilterChainProxy.java:385) ~[spring-security-web-7.1.0.jar:7.1.0]
	at org.springframework.security.web.session.SessionManagementFilter.doFilter(SessionManagementFilter.java:132) ~[spring-security-web-7.1.0.jar:7.1.0]
	at org.springframework.security.web.session.SessionManagementFilter.doFilter(SessionManagementFilter.java:86) ~[spring-security-web-7.1.0.jar:7.1.0]
	at org.springframework.security.web.FilterChainProxy$VirtualFilterChain.doFilter(FilterChainProxy.java:385) ~[spring-security-web-7.1.0.jar:7.1.0]
	at org.springframework.security.web.authentication.AnonymousAuthenticationFilter.doFilter(AnonymousAuthenticationFilter.java:100) ~[spring-security-web-7.1.0.jar:7.1.0]
	at org.springframework.security.web.FilterChainProxy$VirtualFilterChain.doFilter(FilterChainProxy.java:385) ~[spring-security-web-7.1.0.jar:7.1.0]
	at org.springframework.security.web.servletapi.SecurityContextHolderAwareRequestFilter.doFilter(SecurityContextHolderAwareRequestFilter.java:181) ~[spring-security-web-7.1.0.jar:7.1.0]
	at org.springframework.security.web.FilterChainProxy$VirtualFilterChain.doFilter(FilterChainProxy.java:385) ~[spring-security-web-7.1.0.jar:7.1.0]
	at org.springframework.security.web.savedrequest.RequestCacheAwareFilter.doFilter(RequestCacheAwareFilter.java:63) ~[spring-security-web-7.1.0.jar:7.1.0]
	at org.springframework.security.web.FilterChainProxy$VirtualFilterChain.doFilter(FilterChainProxy.java:385) ~[spring-security-web-7.1.0.jar:7.1.0]
	at org.springframework.security.web.authentication.logout.LogoutFilter.doFilter(LogoutFilter.java:110) ~[spring-security-web-7.1.0.jar:7.1.0]
	at org.springframework.security.web.authentication.logout.LogoutFilter.doFilter(LogoutFilter.java:96) ~[spring-security-web-7.1.0.jar:7.1.0]
	at org.springframework.security.web.FilterChainProxy$VirtualFilterChain.doFilter(FilterChainProxy.java:385) ~[spring-security-web-7.1.0.jar:7.1.0]
	at org.springframework.web.filter.CorsFilter.doFilterInternal(CorsFilter.java:91) ~[spring-web-7.0.8.jar:7.0.8]
	at org.springframework.web.filter.OncePerRequestFilter.doFilter(OncePerRequestFilter.java:116) ~[spring-web-7.0.8.jar:7.0.8]
	at org.springframework.security.web.FilterChainProxy$VirtualFilterChain.doFilter(FilterChainProxy.java:385) ~[spring-security-web-7.1.0.jar:7.1.0]
	at org.springframework.security.web.header.HeaderWriterFilter.doHeadersAfter(HeaderWriterFilter.java:90) ~[spring-security-web-7.1.0.jar:7.1.0]
	at org.springframework.security.web.header.HeaderWriterFilter.doFilterInternal(HeaderWriterFilter.java:75) ~[spring-security-web-7.1.0.jar:7.1.0]
	at org.springframework.web.filter.OncePerRequestFilter.doFilter(OncePerRequestFilter.java:116) ~[spring-web-7.0.8.jar:7.0.8]
	at org.springframework.security.web.FilterChainProxy$VirtualFilterChain.doFilter(FilterChainProxy.java:385) ~[spring-security-web-7.1.0.jar:7.1.0]
	at org.springframework.security.web.context.SecurityContextHolderFilter.doFilter(SecurityContextHolderFilter.java:82) ~[spring-security-web-7.1.0.jar:7.1.0]
	at org.springframework.security.web.context.SecurityContextHolderFilter.doFilter(SecurityContextHolderFilter.java:69) ~[spring-security-web-7.1.0.jar:7.1.0]
	at org.springframework.security.web.FilterChainProxy$VirtualFilterChain.doFilter(FilterChainProxy.java:385) ~[spring-security-web-7.1.0.jar:7.1.0]
	at org.springframework.security.web.context.request.async.WebAsyncManagerIntegrationFilter.doFilterInternal(WebAsyncManagerIntegrationFilter.java:62) ~[spring-security-web-7.1.0.jar:7.1.0]
	at org.springframework.web.filter.OncePerRequestFilter.doFilter(OncePerRequestFilter.java:116) ~[spring-web-7.0.8.jar:7.0.8]
	at org.springframework.security.web.FilterChainProxy$VirtualFilterChain.doFilter(FilterChainProxy.java:385) ~[spring-security-web-7.1.0.jar:7.1.0]
	at org.springframework.security.web.session.DisableEncodeUrlFilter.doFilterInternal(DisableEncodeUrlFilter.java:42) ~[spring-security-web-7.1.0.jar:7.1.0]
	at org.springframework.web.filter.OncePerRequestFilter.doFilter(OncePerRequestFilter.java:116) ~[spring-web-7.0.8.jar:7.0.8]
	at org.springframework.security.web.FilterChainProxy$VirtualFilterChain.doFilter(FilterChainProxy.java:385) ~[spring-security-web-7.1.0.jar:7.1.0]
	at org.springframework.security.web.FilterChainProxy.doFilterInternal(FilterChainProxy.java:237) ~[spring-security-web-7.1.0.jar:7.1.0]
	at org.springframework.security.web.FilterChainProxy.doFilter(FilterChainProxy.java:195) ~[spring-security-web-7.1.0.jar:7.1.0]
	at org.springframework.web.filter.CompositeFilter$VirtualFilterChain.doFilter(CompositeFilter.java:113) ~[spring-web-7.0.8.jar:7.0.8]
	at org.springframework.web.filter.ServletRequestPathFilter.doFilter(ServletRequestPathFilter.java:52) ~[spring-web-7.0.8.jar:7.0.8]
	at org.springframework.web.filter.CompositeFilter$VirtualFilterChain.doFilter(CompositeFilter.java:113) ~[spring-web-7.0.8.jar:7.0.8]
	at org.springframework.web.filter.CompositeFilter.doFilter(CompositeFilter.java:74) ~[spring-web-7.0.8.jar:7.0.8]
	at org.springframework.security.config.annotation.web.configuration.WebSecurityConfiguration$CompositeFilterChainProxy.doFilter(WebSecurityConfiguration.java:317) ~[spring-security-config-7.1.0.jar:7.1.0]
	at org.springframework.web.filter.DelegatingFilterProxy.invokeDelegate(DelegatingFilterProxy.java:355) ~[spring-web-7.0.8.jar:7.0.8]
	at org.springframework.web.filter.DelegatingFilterProxy.doFilter(DelegatingFilterProxy.java:272) ~[spring-web-7.0.8.jar:7.0.8]
	at org.apache.catalina.core.ApplicationFilterChain.doFilter(ApplicationFilterChain.java:107) ~[tomcat-embed-core-11.0.22.jar:11.0.22]
	at org.springframework.web.filter.RequestContextFilter.doFilterInternal(RequestContextFilter.java:100) ~[spring-web-7.0.8.jar:7.0.8]
	at org.springframework.web.filter.OncePerRequestFilter.doFilter(OncePerRequestFilter.java:116) ~[spring-web-7.0.8.jar:7.0.8]
	at org.apache.catalina.core.ApplicationFilterChain.doFilter(ApplicationFilterChain.java:107) ~[tomcat-embed-core-11.0.22.jar:11.0.22]
	at org.springframework.web.filter.FormContentFilter.doFilterInternal(FormContentFilter.java:93) ~[spring-web-7.0.8.jar:7.0.8]
	at org.springframework.web.filter.OncePerRequestFilter.doFilter(OncePerRequestFilter.java:116) ~[spring-web-7.0.8.jar:7.0.8]
	at org.apache.catalina.core.ApplicationFilterChain.doFilter(ApplicationFilterChain.java:107) ~[tomcat-embed-core-11.0.22.jar:11.0.22]
	at org.springframework.web.filter.CharacterEncodingFilter.doFilterInternal(CharacterEncodingFilter.java:199) ~[spring-web-7.0.8.jar:7.0.8]
	at org.springframework.web.filter.OncePerRequestFilter.doFilter(OncePerRequestFilter.java:116) ~[spring-web-7.0.8.jar:7.0.8]
	at org.apache.catalina.core.ApplicationFilterChain.doFilter(ApplicationFilterChain.java:107) ~[tomcat-embed-core-11.0.22.jar:11.0.22]
	at org.apache.catalina.core.StandardWrapperValve.invoke(StandardWrapperValve.java:165) ~[tomcat-embed-core-11.0.22.jar:11.0.22]
	at org.apache.catalina.core.StandardContextValve.invoke(StandardContextValve.java:77) ~[tomcat-embed-core-11.0.22.jar:11.0.22]
	at org.apache.catalina.authenticator.AuthenticatorBase.invoke(AuthenticatorBase.java:492) ~[tomcat-embed-core-11.0.22.jar:11.0.22]
	at org.apache.catalina.core.StandardHostValve.invoke(StandardHostValve.java:113) ~[tomcat-embed-core-11.0.22.jar:11.0.22]
	at org.apache.catalina.valves.ErrorReportValve.invoke(ErrorReportValve.java:83) ~[tomcat-embed-core-11.0.22.jar:11.0.22]
	at org.apache.catalina.core.StandardEngineValve.invoke(StandardEngineValve.java:72) ~[tomcat-embed-core-11.0.22.jar:11.0.22]
	at org.apache.catalina.connector.CoyoteAdapter.service(CoyoteAdapter.java:341) ~[tomcat-embed-core-11.0.22.jar:11.0.22]
	at org.apache.coyote.http11.Http11Processor.service(Http11Processor.java:397) ~[tomcat-embed-core-11.0.22.jar:11.0.22]
	at org.apache.coyote.AbstractProcessorLight.process(AbstractProcessorLight.java:63) ~[tomcat-embed-core-11.0.22.jar:11.0.22]
	at org.apache.coyote.AbstractProtocol$ConnectionHandler.process(AbstractProtocol.java:1272) ~[tomcat-embed-core-11.0.22.jar:11.0.22]
	at org.apache.tomcat.util.net.NioEndpoint$SocketProcessor.doRun(NioEndpoint.java:1801) ~[tomcat-embed-core-11.0.22.jar:11.0.22]
	at org.apache.tomcat.util.net.SocketProcessorBase.run(SocketProcessorBase.java:52) ~[tomcat-embed-core-11.0.22.jar:11.0.22]
	at org.apache.tomcat.util.threads.ThreadPoolExecutor.runWorker(ThreadPoolExecutor.java:946) ~[tomcat-embed-core-11.0.22.jar:11.0.22]
	at org.apache.tomcat.util.threads.ThreadPoolExecutor$Worker.run(ThreadPoolExecutor.java:480) ~[tomcat-embed-core-11.0.22.jar:11.0.22]
	at org.apache.tomcat.util.threads.TaskThread$WrappingRunnable.run(TaskThread.java:57) ~[tomcat-embed-core-11.0.22.jar:11.0.22]
	at java.base/java.lang.Thread.run(Thread.java:840) ~[na:na]

Hibernate: select e1_0.employee_id,e1_0.is_active,e1_0.employee_name,e1_0.employee_no,e1_0.hire_date,e1_0.password,e1_0.role,e1_0.username from employee e1_0 where e1_0.username=?
Hibernate: update employee set is_active=?,employee_name=?,employee_no=?,hire_date=?,password=?,role=?,username=? where employee_id=?
